==================================
   norn 0.1.0: ./test-suite.log
==================================

# TOTAL: 3
# PASS:  3
# SKIP:  0
# XFAIL: 0
# FAIL:  0
# XPASS: 0
# ERROR: 0

System information (uname -a): Darwin 25.5.0 Darwin Kernel Version 25.5.0: Mon Apr 27 20:38:00 PDT 2026; root:xnu-12377.121.6~2/RELEASE_ARM64_T8103 arm64 arm

.. contents:: :depth: 2

